
> curbwise@0.1.0 check
> npm run test:policy && npm run test:coverage && npm run typecheck:backend && npm run build


> curbwise@0.1.0 test:policy
> node --test scripts/testing/coverage-policy.test.mjs

✔ includes all application source, including untested UI and backend configuration (1.366334ms)
✔ allows unchanged legacy debt (0.597416ms)
✔ strict completion check requires the full standards despite a legacy exemption (0.152833ms)
✔ strict standards retain the whole-app regression ceiling after debt is removed (0.093125ms)
✔ fails when a production file is omitted, even with a healthy global total (0.104417ms)
✔ fails uncovered-code growth even when percentages improve (0.081375ms)
✔ fails percentage regression even when uncovered counts stay equal (0.075875ms)
✔ enforces each metric independently on new modules (0.153208ms)
✔ applies stronger requirements to new backend and shared modules (0.132584ms)
✔ enforces the whole-app debt ceiling, even when individual files meet targets (0.127125ms)
✔ rejects missing or malformed counts and unsupported baseline formats (0.167ms)
✔ accepts type-only files with no executable items (0.064875ms)
✔ rejects accidental archived-worktree or test-file coverage (0.066459ms)
✔ ratchet locks improvements and removes paid-off debt without adding exemptions (0.357292ms)
✔ deleted production files can be removed from the debt register (0.064917ms)
ℹ tests 15
ℹ suites 0
ℹ pass 15
ℹ fail 0
ℹ cancelled 0
ℹ skipped 0
ℹ todo 0
ℹ duration_ms 56.400459

> curbwise@0.1.0 test:coverage
> vitest run --coverage && node scripts/testing/check-coverage.mjs --strict


 RUN  v4.1.0 /Users/thinkstudio/civic_streets
      Coverage enabled with v8


 Test Files  122 passed (122)
      Tests  1669 passed (1669)
   Start at  08:57:12
   Duration  11.32s (transform 14.41s, setup 2.37s, import 35.53s, tests 68.49s, environment 63.49s)

 % Coverage report from v8

=============================== Coverage summary ===============================
Statements   : 99.13% ( 8980/9058 )
Branches     : 97.5% ( 6864/7040 )
Functions    : 99.83% ( 2387/2391 )
Lines        : 99.5% ( 7669/7707 )
================================================================================
Coverage standards passed for all 239 production files (including untested files).

> curbwise@0.1.0 typecheck:backend
> tsc --noEmit -p convex/tsconfig.json


> curbwise@0.1.0 build
> tsc -b && vite build && cp dist/index.html dist/200.html

vite v8.0.1 building client environment for production...
[2K
transforming...✓ 459 modules transformed.
rendering chunks...
computing gzip size...
dist/index.html                                             1.89 kB │ gzip:   0.62 kB
dist/assets/AccountPage-B7ABvXTh.css                        8.66 kB │ gzip:   2.10 kB
dist/assets/pin-utils-B2k4QVOw.css                         69.80 kB │ gzip:  10.10 kB
dist/assets/index-Cii7CZNJ.css                             95.72 kB │ gzip:  16.19 kB
dist/assets/standards--ccvaenv.js                           0.09 kB │ gzip:   0.10 kB
dist/assets/CrossSectionSVG-Of0ZI8-Y.js                     0.17 kB │ gzip:   0.13 kB
dist/assets/reporting-areas-vmPvAwnE.js                     0.40 kB │ gzip:   0.26 kB
dist/assets/react-DPrT8hnV.js                               0.68 kB │ gzip:   0.42 kB
dist/assets/IntersectionPurpose-DPq6uDpw.js                 0.86 kB │ gzip:   0.53 kB
dist/assets/colors-DcWoIAwl.js                              0.87 kB │ gzip:   0.40 kB
dist/assets/workspace-store-PM4Rgh_B.js                     1.02 kB │ gzip:   0.35 kB
dist/assets/NotFoundPage-BD7lSCOv.js                        1.05 kB │ gzip:   0.58 kB
dist/assets/community-8Vqtca5l.js                           1.12 kB │ gzip:   0.50 kB
dist/assets/BillingCancelPage-BrIrOBsJ.js                   1.17 kB │ gzip:   0.58 kB
dist/assets/preload-helper-rov5CBGT.js                      1.19 kB │ gzip:   0.68 kB
dist/assets/jsx-runtime-UyaNSxZQ.js                         1.44 kB │ gzip:   0.80 kB
dist/assets/map-store-DiwU-jVW.js                           1.46 kB │ gzip:   0.51 kB
dist/assets/EditorSidePanel-6KolzMNE.js                     1.48 kB │ gzip:   0.78 kB
dist/assets/use-designs-vL2f-ZPt.js                         1.52 kB │ gzip:   0.79 kB
dist/assets/renderer-D7oyEKJc.js                            1.66 kB │ gzip:   0.78 kB
dist/assets/dimensions-D-FB0l77.js                          1.75 kB │ gzip:   0.49 kB
dist/assets/BillingSuccessPage-Jp9UMRLK.js                  1.98 kB │ gzip:   0.93 kB
dist/assets/export-CjhoLLrj.js                              2.04 kB │ gzip:   0.92 kB
dist/assets/PrivateBriefDownload-jQMuf5jM.js                2.25 kB │ gzip:   1.12 kB
dist/assets/MapPage-ObWlcw96.js                             2.40 kB │ gzip:   1.19 kB
dist/assets/adapter-SHoRnuUk.js                             2.62 kB │ gzip:   0.99 kB
dist/assets/BriefPreview-BA9dRPX5.js                        2.93 kB │ gzip:   1.14 kB
dist/assets/IntersectionConditionsSelector-C8K1lV8r.js      3.31 kB │ gzip:   1.26 kB
dist/assets/CompactNewStreetForm-fDXRY-5q.js                3.42 kB │ gzip:   1.53 kB
dist/assets/IntersectionFlow-DBlgYkJZ.js                    3.57 kB │ gzip:   1.53 kB
dist/assets/react-dom-BS5Zl7rJ.js                           3.57 kB │ gzip:   1.36 kB
dist/assets/mock-data-BH0yw42P.js                           4.06 kB │ gzip:   1.25 kB
dist/assets/ImprovementPicker-DiWsrOIb.js                   4.10 kB │ gzip:   1.70 kB
dist/assets/ElementProperties-DuD0sgJ9.js                   4.24 kB │ gzip:   1.14 kB
dist/assets/intersection-store-CaRcD7wW.js                  4.73 kB │ gzip:   1.70 kB
dist/assets/ValidationPanel-2XfHWzD1.js                     5.01 kB │ gzip:   1.79 kB
dist/assets/gallery-C8O7fGET.js                             5.15 kB │ gzip:   2.12 kB
dist/assets/CrashCoverageStatus-YgZkkRWN.js                 5.27 kB │ gzip:   2.09 kB
dist/assets/http_client-BMqlbd1V.js                         5.71 kB │ gzip:   1.75 kB
dist/assets/street-store-BD2gEyoa.js                        5.83 kB │ gzip:   1.71 kB
dist/assets/issue-types-CPUuXw5B.js                         6.28 kB │ gzip:   2.11 kB
dist/assets/work-drafts-store-Bjuhpx-a.js                   6.74 kB │ gzip:   2.51 kB
dist/assets/IntersectionReview-CbBc9px7.js                  6.91 kB │ gzip:   2.55 kB
dist/assets/EditorDock-D_7Abn6o.js                          7.42 kB │ gzip:   2.91 kB
dist/assets/react-Bv8XCUKB.js                               7.52 kB │ gzip:   2.88 kB
dist/assets/validator-BZSD1TIy.js                           7.74 kB │ gzip:   2.24 kB
dist/assets/intersection-improvements-Af7iQC-V.js           7.95 kB │ gzip:   1.73 kB
dist/assets/access-FQzRHpM7.js                              8.08 kB │ gzip:   2.55 kB
dist/assets/ElementList-DdX-NWvi.js                         8.69 kB │ gzip:   2.70 kB
dist/assets/ui-BcC73lUj.js                                  9.75 kB │ gzip:   3.44 kB
dist/assets/EditorPage-Bh8fvdUE.js                          9.84 kB │ gzip:   3.28 kB
dist/assets/use-hotspots-BYsFHftF.js                       10.45 kB │ gzip:   3.86 kB
dist/assets/api-CG5FmcBS.js                                10.69 kB │ gzip:   4.02 kB
dist/assets/InstitutionalDashboardPage-Bp8Ibzjx.js         11.02 kB │ gzip:   3.22 kB
dist/assets/LandingPage-Nv4FdMuO.js                        11.41 kB │ gzip:   3.95 kB
dist/assets/editor-RB0ZWU-6.js                             11.98 kB │ gzip:   4.45 kB
dist/assets/proposal-store-Cjh_Om41.js                     12.59 kB │ gzip:   2.76 kB
dist/assets/safety-data-store-qpVHk2WG.js                  12.64 kB │ gzip:   4.90 kB
dist/assets/pdf-document-BaeAyYVT.js                       16.32 kB │ gzip:   5.15 kB
dist/assets/HotspotDetailPage-DnmLHzWQ.js                  17.96 kB │ gzip:   5.78 kB
dist/assets/NewStreetForm-0Gvm-b-z.js                      18.16 kB │ gzip:   3.42 kB
dist/assets/HotspotFeedPage-sbaG5979.js                    23.22 kB │ gzip:   7.69 kB
dist/assets/AccountPage-D1XbEdNi.js                        26.03 kB │ gzip:   8.14 kB
dist/assets/loader-jxujITGg.js                             31.61 kB │ gzip:   3.44 kB
dist/assets/ProposalFlow-BkSyAabT.js                       31.76 kB │ gzip:   9.60 kB
dist/assets/ReportPage-BoMTFVu0.js                         33.51 kB │ gzip:   9.97 kB
dist/assets/use_queries-B3JL6hfU.js                        59.12 kB │ gzip:  15.91 kB
dist/assets/CrossSectionSVG-DP0UL8-f.js                   194.98 kB │ gzip:  59.94 kB
dist/assets/MapView-BZUZRFYU.js                           224.25 kB │ gzip:  75.79 kB
dist/assets/index-8kzcCBd_.js                             532.63 kB │ gzip: 173.40 kB
dist/assets/pin-utils-BsNH6Y-L.js                       1,029.60 kB │ gzip: 273.87 kB
dist/assets/react-pdf.browser-D32290x7.js               1,541.04 kB │ gzip: 513.73 kB

[plugin builtin:vite-reporter]
(!) Some chunks are larger than 500 kB after minification. Consider:
- Using dynamic import() to code-split the application
- Use build.rolldownOptions.output.codeSplitting to improve chunking: https://rolldown.rs/reference/OutputOptions.codeSplitting
- Adjust chunk size limit for this warning via build.chunkSizeWarningLimit.
✓ built in 1.16s
