
> curbwise@0.1.0 check
> npm run test:policy && npm run test:coverage && npm run typecheck:backend && npm run build


> curbwise@0.1.0 test:policy
> node --test scripts/testing/coverage-policy.test.mjs

✔ includes all application source, including untested UI and backend configuration (1.508ms)
✔ allows unchanged legacy debt (0.688709ms)
✔ strict completion check requires the full standards despite a legacy exemption (0.151166ms)
✔ strict standards retain the whole-app regression ceiling after debt is removed (0.10225ms)
✔ fails when a production file is omitted, even with a healthy global total (0.098125ms)
✔ fails uncovered-code growth even when percentages improve (0.086083ms)
✔ fails percentage regression even when uncovered counts stay equal (0.0725ms)
✔ enforces each metric independently on new modules (0.167041ms)
✔ applies stronger requirements to new backend and shared modules (0.152292ms)
✔ enforces the whole-app debt ceiling, even when individual files meet targets (0.123417ms)
✔ rejects missing or malformed counts and unsupported baseline formats (0.176458ms)
✔ accepts type-only files with no executable items (0.064042ms)
✔ rejects accidental archived-worktree or test-file coverage (0.073709ms)
✔ ratchet locks improvements and removes paid-off debt without adding exemptions (0.752166ms)
✔ deleted production files can be removed from the debt register (0.112875ms)
ℹ tests 15
ℹ suites 0
ℹ pass 15
ℹ fail 0
ℹ cancelled 0
ℹ skipped 0
ℹ todo 0
ℹ duration_ms 59.740292

> curbwise@0.1.0 test:coverage
> vitest run --coverage && node scripts/testing/check-coverage.mjs --strict


 RUN  v4.1.0 /Users/thinkstudio/civic_streets
      Coverage enabled with v8


 Test Files  104 passed (104)
      Tests  1383 passed (1383)
   Start at  22:36:37
   Duration  9.43s (transform 15.72s, setup 1.61s, import 34.94s, tests 50.45s, environment 53.37s)

 % Coverage report from v8

=============================== Coverage summary ===============================
Statements   : 98.97% ( 8093/8177 )
Branches     : 97.13% ( 5966/6142 )
Functions    : 99.71% ( 2130/2136 )
Lines        : 99.38% ( 7006/7049 )
================================================================================
Coverage standards passed for all 222 production files (including untested files).

> curbwise@0.1.0 typecheck:backend
> tsc --noEmit -p convex/tsconfig.json


> curbwise@0.1.0 build
> tsc -b && vite build && cp dist/index.html dist/200.html

vite v8.0.1 building client environment for production...
[2K
transforming...✓ 442 modules transformed.
rendering chunks...
computing gzip size...
dist/index.html                                             1.06 kB │ gzip:   0.47 kB
dist/assets/AccountPage-B7ABvXTh.css                        8.66 kB │ gzip:   2.10 kB
dist/assets/pin-utils-B2k4QVOw.css                         69.80 kB │ gzip:  10.10 kB
dist/assets/index-CodxaSdH.css                             94.42 kB │ gzip:  15.88 kB
dist/assets/renderer-BBtLWlkL.js                            0.08 kB │ gzip:   0.09 kB
dist/assets/standards-CRmkbfl9.js                           0.09 kB │ gzip:   0.10 kB
dist/assets/CrossSectionSVG-C0uSTunx.js                     0.14 kB │ gzip:   0.12 kB
dist/assets/react-BUjk9Fq7.js                               0.68 kB │ gzip:   0.42 kB
dist/assets/colors-BkvSdl2F.js                              0.87 kB │ gzip:   0.40 kB
dist/assets/NotFoundPage-DOn6PRob.js                        1.05 kB │ gzip:   0.57 kB
dist/assets/community-DhJ8aGcJ.js                           1.12 kB │ gzip:   0.50 kB
dist/assets/BillingCancelPage-Dw7rBPlh.js                   1.14 kB │ gzip:   0.57 kB
dist/assets/preload-helper-D4M6sveU.js                      1.19 kB │ gzip:   0.68 kB
dist/assets/EditorSidePanel-BB84Dx_Z.js                     1.44 kB │ gzip:   0.76 kB
dist/assets/jsx-runtime-UyaNSxZQ.js                         1.44 kB │ gzip:   0.80 kB
dist/assets/reporting-areas-zHhNNvTZ.js                     1.87 kB │ gzip:   0.72 kB
dist/assets/BillingSuccessPage-DERsGtgN.js                  1.94 kB │ gzip:   0.92 kB
dist/assets/export-Cny6jvNQ.js                              1.97 kB │ gzip:   0.89 kB
dist/assets/MapPage-endR1HYO.js                             2.13 kB │ gzip:   1.06 kB
dist/assets/IntersectionFlow-B3OOxIGN.js                    2.85 kB │ gzip:   1.23 kB
dist/assets/IntersectionConditionsSelector-UVAHFlbS.js      3.28 kB │ gzip:   1.24 kB
dist/assets/CompactNewStreetForm-DIDCu_uH.js                3.37 kB │ gzip:   1.50 kB
dist/assets/intersection-store-hAwNKFY4.js                  3.39 kB │ gzip:   1.39 kB
dist/assets/IntersectionReview-qS0tem50.js                  3.71 kB │ gzip:   1.44 kB
dist/assets/ImprovementPicker-CpItRezh.js                   4.03 kB │ gzip:   1.65 kB
dist/assets/ElementProperties-BVnYK50t.js                   4.21 kB │ gzip:   1.13 kB
dist/assets/adapter-DDDiqNaY.js                             4.36 kB │ gzip:   1.41 kB
dist/assets/ValidationPanel-JoviiDzp.js                     4.39 kB │ gzip:   1.52 kB
dist/assets/gallery-gcn8p7R9.js                             5.12 kB │ gzip:   2.10 kB
dist/assets/street-store-Cu6OLDTB.js                        5.21 kB │ gzip:   1.60 kB
dist/assets/http_client-LWPnSjfg.js                         5.71 kB │ gzip:   1.74 kB
dist/assets/issue-types-BS2q73X5.js                         6.27 kB │ gzip:   2.11 kB
dist/assets/EditorDock-CQZuJkV2.js                          6.58 kB │ gzip:   2.64 kB
dist/assets/proposal-store-Bhd648mK.js                      7.01 kB │ gzip:   2.46 kB
dist/assets/react-Bv8XCUKB.js                               7.52 kB │ gzip:   2.88 kB
dist/assets/validator-CH4gBMZy.js                           7.74 kB │ gzip:   2.24 kB
dist/assets/intersection-improvements-e5iOND5n.js           8.02 kB │ gzip:   1.78 kB
dist/assets/access-Bmt4T-6T.js                              8.07 kB │ gzip:   2.54 kB
dist/assets/EditorPage-DtVW3ogk.js                          8.09 kB │ gzip:   2.60 kB
dist/assets/ui-CaaNQTYQ.js                                  8.11 kB │ gzip:   2.91 kB
dist/assets/ElementList-DXB5swl0.js                         8.24 kB │ gzip:   2.65 kB
dist/assets/editor-O21q_KMo.js                              9.19 kB │ gzip:   3.55 kB
dist/assets/api-D8ybrOvx.js                                10.69 kB │ gzip:   4.02 kB
dist/assets/InstitutionalDashboardPage-D7qjg6QD.js         10.98 kB │ gzip:   3.20 kB
dist/assets/LandingPage-ConBKN-w.js                        11.41 kB │ gzip:   3.95 kB
dist/assets/safety-data-store-D2TDaOY5.js                  12.64 kB │ gzip:   4.90 kB
dist/assets/use-hotspots-CvL0zGUD.js                       14.46 kB │ gzip:   4.87 kB
dist/assets/pdf-document-13bTBhrA.js                       15.17 kB │ gzip:   4.84 kB
dist/assets/HotspotDetailPage-BDjMLpvP.js                  17.28 kB │ gzip:   5.57 kB
dist/assets/NewStreetForm-dVdupTSX.js                      18.11 kB │ gzip:   3.39 kB
dist/assets/HotspotFeedPage-B9JiEYHL.js                    23.19 kB │ gzip:   7.68 kB
dist/assets/AccountPage-jf0D_h29.js                        26.00 kB │ gzip:   8.12 kB
dist/assets/ReportPage-DC9ceURg.js                         27.60 kB │ gzip:   8.06 kB
dist/assets/ProposalFlow-zxxOSVZQ.js                       30.99 kB │ gzip:   7.90 kB
dist/assets/loader-Cp8YvwuE.js                             31.61 kB │ gzip:   3.44 kB
dist/assets/use_queries-DKSilnjm.js                        59.13 kB │ gzip:  15.90 kB
dist/assets/CrossSectionSVG-BuNHXyFM.js                   195.09 kB │ gzip:  59.97 kB
dist/assets/MapView-DgwrUy3J.js                           216.73 kB │ gzip:  73.07 kB
dist/assets/index-CIn1ryX0.js                             530.10 kB │ gzip: 172.33 kB
dist/assets/pin-utils-gK4aVlUJ.js                       1,029.60 kB │ gzip: 273.87 kB
dist/assets/react-pdf.browser-ByN6bOdD.js               1,541.03 kB │ gzip: 513.72 kB

✓ built in 1.02s
[plugin builtin:vite-reporter]
(!) Some chunks are larger than 500 kB after minification. Consider:
- Using dynamic import() to code-split the application
- Use build.rolldownOptions.output.codeSplitting to improve chunking: https://rolldown.rs/reference/OutputOptions.codeSplitting
- Adjust chunk size limit for this warning via build.chunkSizeWarningLimit.
