
> curbwise@0.1.0 check
> npm run test:policy && npm run test:coverage && npm run typecheck:backend && npm run build


> curbwise@0.1.0 test:policy
> node --test scripts/testing/coverage-policy.test.mjs

✔ includes all application source, including untested UI and backend configuration (1.172084ms)
✔ allows unchanged legacy debt (0.501333ms)
✔ strict completion check requires the full standards despite a legacy exemption (0.140209ms)
✔ strict standards retain the whole-app regression ceiling after debt is removed (0.094209ms)
✔ fails when a production file is omitted, even with a healthy global total (0.089875ms)
✔ fails uncovered-code growth even when percentages improve (0.079583ms)
✔ fails percentage regression even when uncovered counts stay equal (0.07475ms)
✔ enforces each metric independently on new modules (0.148542ms)
✔ applies stronger requirements to new backend and shared modules (0.131875ms)
✔ enforces the whole-app debt ceiling, even when individual files meet targets (0.114625ms)
✔ rejects missing or malformed counts and unsupported baseline formats (0.156042ms)
✔ accepts type-only files with no executable items (0.064458ms)
✔ rejects accidental archived-worktree or test-file coverage (0.063ms)
✔ ratchet locks improvements and removes paid-off debt without adding exemptions (0.342375ms)
✔ deleted production files can be removed from the debt register (0.05775ms)
ℹ tests 15
ℹ suites 0
ℹ pass 15
ℹ fail 0
ℹ cancelled 0
ℹ skipped 0
ℹ todo 0
ℹ duration_ms 56.040083

> curbwise@0.1.0 test:coverage
> vitest run --coverage && node scripts/testing/check-coverage.mjs --strict


 RUN  v4.1.0 /Users/thinkstudio/civic_streets
      Coverage enabled with v8


 Test Files  117 passed (117)
      Tests  1579 passed (1579)
   Start at  23:23:42
   Duration  9.97s (transform 11.62s, setup 1.98s, import 30.30s, tests 58.17s, environment 56.56s)

 % Coverage report from v8

=============================== Coverage summary ===============================
Statements   : 99.11% ( 8694/8772 )
Branches     : 97.42% ( 6652/6828 )
Functions    : 99.82% ( 2312/2316 )
Lines        : 99.49% ( 7436/7474 )
================================================================================
Coverage standards passed for all 235 production files (including untested files).

> curbwise@0.1.0 typecheck:backend
> tsc --noEmit -p convex/tsconfig.json


> curbwise@0.1.0 build
> tsc -b && vite build && cp dist/index.html dist/200.html

vite v8.0.1 building client environment for production...
[2K
transforming...✓ 455 modules transformed.
rendering chunks...
computing gzip size...
dist/index.html                                             1.81 kB │ gzip:   0.60 kB
dist/assets/AccountPage-B7ABvXTh.css                        8.66 kB │ gzip:   2.10 kB
dist/assets/pin-utils-B2k4QVOw.css                         69.80 kB │ gzip:  10.10 kB
dist/assets/index-DDSszitG.css                             95.34 kB │ gzip:  16.08 kB
dist/assets/standards-BiedzJTR.js                           0.09 kB │ gzip:   0.10 kB
dist/assets/CrossSectionSVG-jAs8B2mX.js                     0.17 kB │ gzip:   0.13 kB
dist/assets/reporting-areas-cIqC1nw7.js                     0.40 kB │ gzip:   0.26 kB
dist/assets/react-DPrT8hnV.js                               0.68 kB │ gzip:   0.42 kB
dist/assets/IntersectionPurpose-BjDwYOmp.js                 0.86 kB │ gzip:   0.53 kB
dist/assets/colors-DcWoIAwl.js                              0.87 kB │ gzip:   0.40 kB
dist/assets/workspace-store-CXoxsibD.js                     1.02 kB │ gzip:   0.35 kB
dist/assets/NotFoundPage-d39acpfQ.js                        1.05 kB │ gzip:   0.58 kB
dist/assets/community-BJgBxdzA.js                           1.12 kB │ gzip:   0.50 kB
dist/assets/BillingCancelPage-CCu5sxvX.js                   1.17 kB │ gzip:   0.58 kB
dist/assets/preload-helper-rov5CBGT.js                      1.19 kB │ gzip:   0.68 kB
dist/assets/EditorSidePanel-xTtRPLl9.js                     1.44 kB │ gzip:   0.76 kB
dist/assets/jsx-runtime-UyaNSxZQ.js                         1.44 kB │ gzip:   0.80 kB
dist/assets/map-store-DVTjL2l_.js                           1.46 kB │ gzip:   0.51 kB
dist/assets/use-designs-DmzRPASY.js                         1.52 kB │ gzip:   0.79 kB
dist/assets/renderer-Gn0CW7qk.js                            1.66 kB │ gzip:   0.78 kB
dist/assets/dimensions-D-FB0l77.js                          1.75 kB │ gzip:   0.49 kB
dist/assets/api-DAI5Klaw.js                                 1.76 kB │ gzip:   0.72 kB
dist/assets/BillingSuccessPage-ChZREZRk.js                  1.98 kB │ gzip:   0.93 kB
dist/assets/export-rmu-tWRS.js                              2.04 kB │ gzip:   0.93 kB
dist/assets/PrivateBriefDownload-vQQygEDp.js                2.25 kB │ gzip:   1.12 kB
dist/assets/MapPage-BV0OL30u.js                             2.39 kB │ gzip:   1.18 kB
dist/assets/adapter-SHoRnuUk.js                             2.62 kB │ gzip:   0.99 kB
dist/assets/BriefPreview-CI_CywVd.js                        2.93 kB │ gzip:   1.14 kB
dist/assets/IntersectionConditionsSelector-C6a2hwir.js      3.31 kB │ gzip:   1.25 kB
dist/assets/CompactNewStreetForm-zpuvzD2c.js                3.42 kB │ gzip:   1.52 kB
dist/assets/IntersectionFlow-zkq7BuUX.js                    3.57 kB │ gzip:   1.53 kB
dist/assets/react-dom-BS5Zl7rJ.js                           3.57 kB │ gzip:   1.36 kB
dist/assets/mock-data-BkurS-MT.js                           4.06 kB │ gzip:   1.25 kB
dist/assets/ImprovementPicker-DNR6ot6s.js                   4.10 kB │ gzip:   1.69 kB
dist/assets/ElementProperties-vuw5mEuE.js                   4.24 kB │ gzip:   1.14 kB
dist/assets/intersection-store-0c5hv4mo.js                  4.73 kB │ gzip:   1.70 kB
dist/assets/ValidationPanel-BaaGgGFd.js                     5.01 kB │ gzip:   1.79 kB
dist/assets/gallery-CEMy86d0.js                             5.15 kB │ gzip:   2.12 kB
dist/assets/CrashCoverageStatus-cAwqhd_U.js                 5.27 kB │ gzip:   2.09 kB
dist/assets/street-store-h_E4Jvxt.js                        5.83 kB │ gzip:   1.71 kB
dist/assets/issue-types-ctQSLNoA.js                         6.28 kB │ gzip:   2.11 kB
dist/assets/work-drafts-store-Bjuhpx-a.js                   6.74 kB │ gzip:   2.51 kB
dist/assets/IntersectionReview-21BHHsxE.js                  6.91 kB │ gzip:   2.55 kB
dist/assets/EditorDock-NVio7mYk.js                          7.42 kB │ gzip:   2.91 kB
dist/assets/react-Bv8XCUKB.js                               7.52 kB │ gzip:   2.88 kB
dist/assets/validator-B7EAiduS.js                           7.74 kB │ gzip:   2.24 kB
dist/assets/intersection-improvements-DwYcJj_T.js           7.95 kB │ gzip:   1.73 kB
dist/assets/access-C-MsB7pi.js                              8.08 kB │ gzip:   2.54 kB
dist/assets/ElementList-DA9-uuo8.js                         8.69 kB │ gzip:   2.70 kB
dist/assets/ui-BcC73lUj.js                                  9.75 kB │ gzip:   3.44 kB
dist/assets/EditorPage-DHUAQ9sd.js                          9.79 kB │ gzip:   3.25 kB
dist/assets/use-hotspots-BOJ-m3I_.js                       10.45 kB │ gzip:   3.86 kB
dist/assets/InstitutionalDashboardPage-CZ9yD8W4.js         11.02 kB │ gzip:   3.22 kB
dist/assets/LandingPage-DNC0pWBN.js                        11.41 kB │ gzip:   3.95 kB
dist/assets/editor-C3rN8saA.js                             11.61 kB │ gzip:   4.38 kB
dist/assets/safety-data-store-BCcwB6sG.js                  12.39 kB │ gzip:   4.80 kB
dist/assets/proposal-store-Cjh_Om41.js                     12.59 kB │ gzip:   2.76 kB
dist/assets/pdf-document-BHKWYZaI.js                       16.32 kB │ gzip:   5.15 kB
dist/assets/HotspotDetailPage-DJYB_6FF.js                  17.96 kB │ gzip:   5.78 kB
dist/assets/NewStreetForm-Bv7SeTHe.js                      18.16 kB │ gzip:   3.42 kB
dist/assets/HotspotFeedPage-BAO0geW5.js                    23.22 kB │ gzip:   7.70 kB
dist/assets/AccountPage-Cj5bBpys.js                        26.03 kB │ gzip:   8.14 kB
dist/assets/ProposalFlow-DsmV9Rym.js                       31.22 kB │ gzip:   9.45 kB
dist/assets/loader-Btb6-6HX.js                             31.61 kB │ gzip:   3.44 kB
dist/assets/ReportPage-B0vlvNPg.js                         33.51 kB │ gzip:   9.98 kB
dist/assets/use_queries-BSpeBICM.js                        67.96 kB │ gzip:  18.98 kB
dist/assets/CrossSectionSVG-sQZLsUEk.js                   194.98 kB │ gzip:  59.94 kB
dist/assets/MapView-TkhY7UYw.js                           210.54 kB │ gzip:  70.75 kB
dist/assets/index-pdKJbOo0.js                             532.50 kB │ gzip: 173.30 kB
dist/assets/pin-utils-BU5nnn49.js                       1,029.60 kB │ gzip: 273.84 kB
dist/assets/react-pdf.browser-D0MeJfQd.js               1,541.04 kB │ gzip: 513.73 kB

✓ built in 1.05s
[plugin builtin:vite-reporter]
(!) Some chunks are larger than 500 kB after minification. Consider:
- Using dynamic import() to code-split the application
- Use build.rolldownOptions.output.codeSplitting to improve chunking: https://rolldown.rs/reference/OutputOptions.codeSplitting
- Adjust chunk size limit for this warning via build.chunkSizeWarningLimit.
